2024-12-08 15:13:55,670 - INFO - Normalization Enforcer is ready.
2024-12-08 15:13:55,986 - INFO - Successfully connected to MongoDB!
2024-12-08 15:13:55,994 - INFO - MongoDB version: 8.0.3
2024-12-08 15:13:55,995 - INFO - You may use format tools now!
2024-12-08 15:13:55,995 - INFO - Current file is write into fineTuneData.jsonl & fact.jsonl
2024-12-08 15:14:11,037 - INFO - Normalization Enforcer is ready.
2024-12-08 15:14:11,275 - INFO - Successfully connected to MongoDB!
2024-12-08 15:14:11,283 - INFO - MongoDB version: 8.0.3
2024-12-08 15:14:11,283 - INFO - You may use format tools now!
2024-12-08 15:14:11,285 - INFO - Current file is write into fineTuneData.jsonl & fact.jsonl
2024-12-08 15:14:12,505 - INFO - b"* Serving Flask app 'Rest_Server'"
2024-12-08 15:14:12,505 - INFO - b'* Debug mode: off'
2024-12-08 15:15:37,244 - INFO - Document inserted successfully.
2024-12-08 15:15:37,254 - INFO - Document inserted successfully.
2024-12-08 15:15:38,243 - INFO - Error: final_modified array does not have enough entries.
2024-12-08 15:15:51,739 - INFO - Document inserted successfully.
2024-12-08 15:15:51,752 - INFO - Document inserted successfully.
2024-12-08 15:15:55,802 - INFO - Error: final_modified array does not have enough entries.
2024-12-08 15:16:50,798 - INFO - Document inserted successfully.
2024-12-08 15:16:50,810 - INFO - Document inserted successfully.
2024-12-08 15:16:51,496 - INFO - Error: final_modified array does not have enough entries.
2024-12-08 15:17:17,808 - INFO - Document inserted successfully.
2024-12-08 15:17:17,821 - INFO - Document inserted successfully.
2024-12-08 15:17:18,535 - INFO - Error: final_modified array does not have enough entries.
2024-12-08 15:17:40,793 - INFO - Document inserted successfully.
2024-12-08 15:17:40,802 - INFO - Document inserted successfully.
2024-12-08 15:17:41,496 - INFO - Error: final_modified array does not have enough entries.
2024-12-08 15:18:54,115 - INFO - Document inserted successfully.
2024-12-08 15:18:54,128 - INFO - Document inserted successfully.
2024-12-08 15:18:54,891 - INFO - Error: final_modified array does not have enough entries.
2024-12-08 15:23:51,765 - INFO - Document inserted successfully.
2024-12-08 15:24:32,897 - INFO - Document inserted successfully.
2024-12-08 15:25:19,836 - INFO - Document inserted successfully.
